Command: /home/simon/.espressif/python_env/idf6.1_py3.14_env/bin/python /home/simon/esp-idf/tools/idf_monitor.py -p /dev/ttyUSB0 -b 115200 --toolchain-prefix xtensa-esp32s3-elf- --target esp32s3 --revision 0 /home/simon/Projekt/mpu6050/build/mpu6050.elf /home/simon/Projekt/mpu6050/build/bootloader/bootloader.elf -m '/home/simon/.espressif/python_env/idf6.1_py3.14_env/bin/python' '/home/simon/esp-idf/tools/idf.py'
.2
[0;32mI (199) heap_init: Initializing. RAM available for dynamic allocation:[0m
[0;32mI (206) heap_init: At 3FC94DA8 len 00054968 (338 KiB): RAM[0mï¿½ESP-ROM:esp32s3-20210327
Build:Mar 27 2021
rst:0x1 (POWERON),boot:0x8 (SPI_FAST_FLASH_BOOT)
SPIWP:0xee
mode:DIO, clock div:1
load:0x3fce2820,len:0x1588
load:0x403c8700,len:0xda0
load:0x403cb700,len:0x2fa0
entry 0x403c8908
[0;32mI (24) boot: ESP-IDF v6.1-dev-1532-gb6e2de03f0 2nd stage bootloader[0m
[0;32mI (25) boot: compile time Feb 19 2026 19:47:46[0m
[0;32mI (25) boot: Multicore bootloader[0m
[0;32mI (27) boot: chip revision: v0.2[0m
[0;32mI (29) boot: efuse block revision: v1.3[0m
[0;32mI (33) boot.esp32s3: Boot SPI Speed : 80MHz[0m
[0;32mI (37) boot.esp32s3: SPI Mode       : DIO[0m
[0;32mI (40) boot.esp32s3: SPI Flash Size : 2MB[0m
[0;32mI (44) boot: Enabling RNG early entropy source...[0m
[0;32mI (49) boot: Partition Table:[0m
[0;32mI (51) boot: ## Label            Usage          Type ST Offset   Length[0m
[0;32mI (58) boot:  0 nvs              WiFi data        01 02 00009000 00006000[0m
[0;32mI (64) boot:  1 phy_init         RF data          01 01 0000f000 00001000[0m
[0;32mI (71) boot:  2 factory          factory app      00 00 00010000 00100000[0m
[0;32mI (77) boot: End of partition table[0m
[0;32mI (81) esp_image: segment 0: paddr=00010020 vaddr=3c020020 size=0a2f8h ( 41720) map[0m
[0;32mI (95) esp_image: segment 1: paddr=0001a320 vaddr=3fc91400 size=030c4h ( 12484) load[0m
[0;32mI (98) esp_image: segment 2: paddr=0001d3ec vaddr=40374000 size=02c2ch ( 11308) load[0m
[0;32mI (105) esp_image: segment 3: paddr=00020020 vaddr=42000020 size=12164h ( 74084) map[0m
[0;32mI (124) esp_image: segment 4: paddr=0003218c vaddr=40376c2c size=0a6d0h ( 42704) load[0m
[0;32mI (133) esp_image: segment 5: paddr=0003c864 vaddr=50000000 size=00024h (    36) load[0m
[0;32mI (139) boot: Loaded app from partition at offset 0x10000[0m
[0;32mI (140) boot: Disabling RNG early entropy source...[0m
[0;32mI (151) cpu_start: Multicore app[0m
[0;32mI (159) cpu_start: GPIO 44 and 43 are used as console UART I/O pins[0m
[0;32mI (160) cpu_start: Pro cpu start user code[0m
[0;32mI (160) cpu_start: cpu freq: 160000000 Hz[0m
[0;32mI (162) app_init: Application information:[0m
[0;32mI (166) app_init: Project name:     mpu6050[0m
[0;32mI (170) app_init: App version:      1[0m
[0;32mI (173) app_init: Compile time:     Feb 19 2026 19:47:42[0m
[0;32mI (178) app_init: ELF file SHA256:  eb12f0b4a...[0m
[0;32mI (182) app_init: ESP-IDF:          v6.1-dev-1532-gb6e2de03f0[0m
[0;32mI (188) efuse_init: Min chip rev:     v0.0[0m
[0;32mI (192) efuse_init: Max chip rev:     v0.99 [0m
[0;32mI (196) efuse_init: Chip rev:         v0.2[0m
[0;32mI (199) heap_init: Initializing. RAM available for dynamic allocation:[0m
[0;32mI (206) heap_init: At 3FC94DA8 len 00054968 (338 KiB): RAM[0m
[0;32mI (211) heap_init: At 3FCE9710 len 00005724 (21 KiB): RAM[0m
[0;32mI (216) heap_init: At 3FCF0000 len 00008000 (32 KiB): DRAM[0m
[0;32mI (221) heap_init: At 600FE000 len 00001FE8 (7 KiB): RTCRAM[0m
[0;32mI (227) spi_flash: detected chip: gd[0m
[0;32mI (230) spi_flash: flash io: dio[0m
[0;33mW (233) spi_flash: Detected size(8192k) larger than the size in the binary image header(2048k). Using the size in the binary image header.[0m
[0;33mW (245) i2c: This driver is an old driver, please migrate your application code to adapt `driver/i2c_master.h`[0m
[0;32mI (255) sleep_gpio: Configure to isolate all GPIO pins in sleep state[0m
[0;32mI (261) sleep_gpio: Enable automatic switching of GPIO sleep configuration[0m
[0;32mI (268) main_task: Started on CPU0[0m
[0;32mI (278) main_task: Calling app_main()[0m
[0;32mI (288) MPU6050: WHO_AM_I = 0x68[0m
